// Bun Snapshot v1, https://goo.gl/fbAQLP

exports[`Mobx Observer Babel Plugin observer imports when there is no observer import and no react components it does nothing 1`] = `
"function MyFunctionDeclaration() {
  return 0;
}"
`;

exports[`Mobx Observer Babel Plugin observer imports when there is no observer import and there are react components it adds an observer import 1`] = `
"import { observer } from "mobx-react";
function MyComponentDeclaration() {
  return observer(function MyComponentDeclaration() {
    return /*#__PURE__*/React.createElement("div", null, "Hello World");
  });
}"
`;

exports[`Mobx Observer Babel Plugin observer imports when there is already an observer import and no react components it does nothing 1`] = `
"import { observer } from "mobx-react";
function MyFunctionDeclaration() {
  return 0;
}"
`;

exports[`Mobx Observer Babel Plugin observer imports when there is already an observer import and react components but unwrapped it does not add the import, but wraps the component 1`] = `
"import { observer } from "mobx-react";
function MyComponentDeclaration() {
  return observer(function MyComponentDeclaration() {
    return /*#__PURE__*/React.createElement("div", null, "Hello World");
  });
}"
`;

exports[`Mobx Observer Babel Plugin observer imports when there is already an observer import and react components wrapped it takes no action 1`] = `
"import { observer } from "mobx-react";
function MyComponentDeclaration() {
  return observer(function MyComponentDeclaration() {
    return /*#__PURE__*/React.createElement("div", null, "Hello World");
  });
}"
`;
