// Bun Snapshot v1, https://goo.gl/fbAQLP

exports[`Mobx Observer Babel Plugin function expression default export it wraps the component in observer 1`] = `
"import { observer } from "mobx-react";
import React from 'react';
const FunctionDeclaration = observer(function FunctionDeclaration() {
  return /*#__PURE__*/React.createElement("div", null, /*#__PURE__*/React.createElement("h1", null, "Function Declaration Component"), /*#__PURE__*/React.createElement("p", null, "This is an example of a React component using a function declaration."));
});
export default FunctionDeclaration;"
`;
