// Bun Snapshot v1, https://goo.gl/fbAQLP

exports[`Mobx Observer Babel Plugin legacy decorators do not get double wrapped 1`] = `
"import { observer } from "mobx-react";
var _class;
let MyComponent = observer(_class = class MyComponent {
  render() {
    return /*#__PURE__*/React.createElement("div", null, "Hello World");
  }
}) || _class;"
`;
