// Bun Snapshot v1, https://goo.gl/fbAQLP

exports[`Mobx Observer Babel Plugin specific file 1`] = `
"import { observer } from "mobx-react";
import * as React from 'react';
import { Screen } from '@components/common/Screen';
import hideTabBar from '@hooks/hideTabBar';
import UniversalToolHeader from '@components/common/UniversalToolHeader/UniversalToolHeader';
import WalterPicksErrorBoundary from '@components/common/WalterPicksErrorBoundary';
import { useNavigation } from '@react-navigation/native';
import WalterText from '@components/common/WalterText';
import { RebopConsole } from '@rebop/react-native-rebop-console';
import { View } from 'react-native';
export function PreviewDeployConsoleScreen() {
  return observer(function PreviewDeployConsoleScreen() {
    hideTabBar();
    const navigation = useNavigation();
    const projectId = 'walterpicks-mobile-app';
    return /*#__PURE__*/React.createElement(Screen, {
      preset: "fixed",
      safeAreaEdges: ['top'],
      testID: "PreviewDeployConsoleScreenScreen"
    }, /*#__PURE__*/React.createElement(UniversalToolHeader, {
      title: "Preview Deploys"
    }), /*#__PURE__*/React.createElement(WalterPicksErrorBoundary, {
      navigation: navigation
    }, /*#__PURE__*/React.createElement(View, {
      style: {
        flexDirection: 'column',
        justifyContent: 'center',
        alignItems: 'center'
      }
    }, /*#__PURE__*/React.createElement(WalterText, {
      style: {
        marginLeft: 8
      }
    }, "sentinel value: Test 413-Brierwood")), /*#__PURE__*/React.createElement(RebopConsole, {
      projectId: projectId
    })));
  });
}"
`;
