// Bun Snapshot v1, https://goo.gl/fbAQLP

exports[`Mobx Observer Babel Plugin function expression when it is not a React component it does nothing 1`] = `
"import React, { Component } from 'react';
import { StyleSheet, View, TextInput, Text, SafeAreaView, TouchableOpacity, ScrollView } from 'react-native';
import { inject, observer } from 'mobx-react';
import { auth } from '@lib/firebase';
import Header from '@components/Onboarding/Header';
import sharedStyles from './styles/signup';
@inject('rootStore')
@observer
class ForgotPasswordScreen extends Component {
  constructor() {
    super();
    this.state = {
      email: '',
      password: '',
      errorMessage: ''
    };
  }
  onChangeEmail = v => {
    this.setState({
      email: v
    });
  };
  sendPasswordResetEmail = async () => {
    const {
      navigation
    } = this.props;
    const {
      email
    } = this.state;
    try {
      await auth.sendPasswordResetEmail(email);
      navigation.goBack();
      alert('Password reset email has been sent. Please check your email to reset your password.');
    } catch (error) {
      const {
        errorCode,
        message
      } = error;
      this.setState({
        errorMessage: message
      });
    }
  };
  render() {
    const {
      email,
      password,
      errorMessage
    } = this.state;
    const {
      rootStore: {
        userStore
      }
    } = this.props;
    const {
      navigation
    } = this.props;
    return /*#__PURE__*/React.createElement(View, {
      style: styles.container
    }, /*#__PURE__*/React.createElement(SafeAreaView, {
      style: styles.content
    }, /*#__PURE__*/React.createElement(Header, {
      onBack: () => navigation.navigate('HelloScreen')
    }), /*#__PURE__*/React.createElement(View, {
      style: [styles.form]
    }, /*#__PURE__*/React.createElement(View, {
      style: styles.formHeader
    }, /*#__PURE__*/React.createElement(Text, {
      style: styles.formHeaderText
    }, "Password Reset"), /*#__PURE__*/React.createElement(Text, {
      style: styles.formSubheaderText
    }, "Enter your email to reset your password")), /*#__PURE__*/React.createElement(View, null, /*#__PURE__*/React.createElement(TextInput, {
      style: styles.input,
      onChangeText: this.onChangeEmail,
      value: email,
      placeholder: "Email Address",
      placeholderTextColor: "#000",
      keyboardType: "email-address"
    }), /*#__PURE__*/React.createElement(ScrollView, {
      style: styles.error,
      contentContainerStyle: {
        flexGrow: 1,
        justifyContent: 'center',
        alignItems: 'center'
      }
    }, /*#__PURE__*/React.createElement(Text, {
      style: styles.errorText
    }, errorMessage)), /*#__PURE__*/React.createElement(View, {
      style: [styles.buttonsContainer, {
        position: 'absolute',
        bottom: 0
      }]
    }, /*#__PURE__*/React.createElement(TouchableOpacity, {
      style: [styles.button, styles.forgotPassword],
      onPress: this.sendPasswordResetEmail
    }, /*#__PURE__*/React.createElement(Text, {
      style: styles.buttonText
    }, "Reset Password")))))));
  }
}
ForgotPasswordScreen.navigationOptions = {
  header: null
};
const styles = StyleSheet.create({
  ...sharedStyles
});
export default ForgotPasswordScreen;"
`;
